  1>
  -- Install configuration: "Debug"
  -- Installing: D:/study/AaSD/antlr/antlr-4.13.2/lib/antlr4-runtime.lib
  -- Installing: D:/study/AaSD/antlr/antlr-4.13.2/bin/antlr4-runtime.dll
  -- Installing: D:/study/AaSD/antlr/antlr-4.13.2/include/antlr4-runtime
  -- Installing: D:/study/AaSD/antlr/antlr-4.13.2/include/antlr4-runtime/.idea
  -- Installing: D:/study/AaSD/antlr/antlr-4.13.2/include/antlr4-runtime/antlr4-common.h
  -- Installing: D:/study/AaSD/antlr/antlr-4.13.2/include/antlr4-runtime/antlr4-runtime.h
  -- Installing: D:/study/AaSD/antlr/antlr-4.13.2/include/antlr4-runtime/ANTLRErrorListener.h
  -- Installing: D:/study/AaSD/antlr/antlr-4.13.2/include/antlr4-runtime/ANTLRErrorStrategy.h
  -- Installing: D:/study/AaSD/antlr/antlr-4.13.2/include/antlr4-runtime/ANTLRFileStream.h
  -- Installing: D:/study/AaSD/antlr/antlr-4.13.2/include/antlr4-runtime/ANTLRInputStream.h
  -- Installing: D:/study/AaSD/antlr/antlr-4.13.2/include/antlr4-runtime/atn
  -- Installing: D:/study/AaSD/antlr/antlr-4.13.2/include/antlr4-runtime/atn/ActionTransition.h
  -- Installing: D:/study/AaSD/antlr/antlr-4.13.2/include/antlr4-runtime/atn/AmbiguityInfo.h
  -- Installing: D:/study/AaSD/antlr/antlr-4.13.2/include/antlr4-runtime/atn/ArrayPredictionContext.h
  -- Installing: D:/study/AaSD/antlr/antlr-4.13.2/include/antlr4-runtime/atn/ATN.h
  -- Installing: D:/study/AaSD/antlr/antlr-4.13.2/include/antlr4-runtime/atn/ATNConfig.h
  -- Installing: D:/study/AaSD/antlr/antlr-4.13.2/include/antlr4-runtime/atn/ATNConfigSet.h
  -- Installing: D:/study/AaSD/antlr/antlr-4.13.2/include/antlr4-runtime/atn/ATNDeserializationOptions.h
  -- Installing: D:/study/AaSD/antlr/antlr-4.13.2/include/antlr4-runtime/atn/ATNDeserializer.h
  -- Installing: D:/study/AaSD/antlr/antlr-4.13.2/include/antlr4-runtime/atn/ATNSimulator.h
  -- Installing: D:/study/AaSD/antlr/antlr-4.13.2/include/antlr4-runtime/atn/ATNState.h
  -- Installing: D:/study/AaSD/antlr/antlr-4.13.2/include/antlr4-runtime/atn/ATNStateType.h
  -- Installing: D:/study/AaSD/antlr/antlr-4.13.2/include/antlr4-runtime/atn/ATNType.h
  -- Installing: D:/study/AaSD/antlr/antlr-4.13.2/include/antlr4-runtime/atn/AtomTransition.h
  -- Installing: D:/study/AaSD/antlr/antlr-4.13.2/include/antlr4-runtime/atn/BasicBlockStartState.h
  -- Installing: D:/study/AaSD/antlr/antlr-4.13.2/include/antlr4-runtime/atn/BasicState.h
  -- Installing: D:/study/AaSD/antlr/antlr-4.13.2/include/antlr4-runtime/atn/BlockEndState.h
  -- Installing: D:/study/AaSD/antlr/antlr-4.13.2/include/antlr4-runtime/atn/BlockStartState.h
  -- Installing: D:/study/AaSD/antlr/antlr-4.13.2/include/antlr4-runtime/atn/ContextSensitivityInfo.h
  -- Installing: D:/study/AaSD/antlr/antlr-4.13.2/include/antlr4-runtime/atn/DecisionEventInfo.h
  -- Installing: D:/study/AaSD/antlr/antlr-4.13.2/include/antlr4-runtime/atn/DecisionInfo.h
  -- Installing: D:/study/AaSD/antlr/antlr-4.13.2/include/antlr4-runtime/atn/DecisionState.h
  -- Installing: D:/study/AaSD/antlr/antlr-4.13.2/include/antlr4-runtime/atn/EpsilonTransition.h
  -- Installing: D:/study/AaSD/antlr/antlr-4.13.2/include/antlr4-runtime/atn/ErrorInfo.h
  -- Installing: D:/study/AaSD/antlr/antlr-4.13.2/include/antlr4-runtime/atn/HashUtils.h
  -- Installing: D:/study/AaSD/antlr/antlr-4.13.2/include/antlr4-runtime/atn/LexerAction.h
  -- Installing: D:/study/AaSD/antlr/antlr-4.13.2/include/antlr4-runtime/atn/LexerActionExecutor.h
  -- Installing: D:/study/AaSD/antlr/antlr-4.13.2/include/antlr4-runtime/atn/LexerActionType.h
  -- Installing: D:/study/AaSD/antlr/antlr-4.13.2/include/antlr4-runtime/atn/LexerATNConfig.h
  -- Installing: D:/study/AaSD/antlr/antlr-4.13.2/include/antlr4-runtime/atn/LexerATNSimulator.h
  -- Installing: D:/study/AaSD/antlr/antlr-4.13.2/include/antlr4-runtime/atn/LexerChannelAction.h
  -- Installing: D:/study/AaSD/antlr/antlr-4.13.2/include/antlr4-runtime/atn/LexerCustomAction.h
  -- Installing: D:/study/AaSD/antlr/antlr-4.13.2/include/antlr4-runtime/atn/LexerIndexedCustomAction.h
  -- Installing: D:/study/AaSD/antlr/antlr-4.13.2/include/antlr4-runtime/atn/LexerModeAction.h
  -- Installing: D:/study/AaSD/antlr/antlr-4.13.2/include/antlr4-runtime/atn/LexerMoreAction.h
  -- Installing: D:/study/AaSD/antlr/antlr-4.13.2/include/antlr4-runtime/atn/LexerPopModeAction.h
  -- Installing: D:/study/AaSD/antlr/antlr-4.13.2/include/antlr4-runtime/atn/LexerPushModeAction.h
  -- Installing: D:/study/AaSD/antlr/antlr-4.13.2/include/antlr4-runtime/atn/LexerSkipAction.h
  -- Installing: D:/study/AaSD/antlr/antlr-4.13.2/include/antlr4-runtime/atn/LexerTypeAction.h
  -- Installing: D:/study/AaSD/antlr/antlr-4.13.2/include/antlr4-runtime/atn/LL1Analyzer.h
  -- Installing: D:/study/AaSD/antlr/antlr-4.13.2/include/antlr4-runtime/atn/LookaheadEventInfo.h
  -- Installing: D:/study/AaSD/antlr/antlr-4.13.2/include/antlr4-runtime/atn/LoopEndState.h
  -- Installing: D:/study/AaSD/antlr/antlr-4.13.2/include/antlr4-runtime/atn/NotSetTransition.h
  -- Installing: D:/study/AaSD/antlr/antlr-4.13.2/include/antlr4-runtime/atn/OrderedATNConfigSet.h
  -- Installing: D:/study/AaSD/antlr/antlr-4.13.2/include/antlr4-runtime/atn/ParseInfo.h
  -- Installing: D:/study/AaSD/antlr/antlr-4.13.2/include/antlr4-runtime/atn/ParserATNSimulator.h
  -- Installing: D:/study/AaSD/antlr/antlr-4.13.2/include/antlr4-runtime/atn/ParserATNSimulatorOptions.h
  -- Installing: D:/study/AaSD/antlr/antlr-4.13.2/include/antlr4-runtime/atn/PlusBlockStartState.h
  -- Installing: D:/study/AaSD/antlr/antlr-4.13.2/include/antlr4-runtime/atn/PlusLoopbackState.h
  -- Installing: D:/study/AaSD/antlr/antlr-4.13.2/include/antlr4-runtime/atn/PrecedencePredicateTransition.h
  -- Installing: D:/study/AaSD/antlr/antlr-4.13.2/include/antlr4-runtime/atn/PredicateEvalInfo.h
  -- Installing: D:/study/AaSD/antlr/antlr-4.13.2/include/antlr4-runtime/atn/PredicateTransition.h
  -- Installing: D:/study/AaSD/antlr/antlr-4.13.2/include/antlr4-runtime/atn/PredictionContext.h
  -- Installing: D:/study/AaSD/antlr/antlr-4.13.2/include/antlr4-runtime/atn/PredictionContextCache.h
  -- Installing: D:/study/AaSD/antlr/antlr-4.13.2/include/antlr4-runtime/atn/PredictionContextMergeCache.h
  -- Installing: D:/study/AaSD/antlr/antlr-4.13.2/include/antlr4-runtime/atn/PredictionContextMergeCacheOptions.h
  -- Installing: D:/study/AaSD/antlr/antlr-4.13.2/include/antlr4-runtime/atn/PredictionContextType.h
  -- Installing: D:/study/AaSD/antlr/antlr-4.13.2/include/antlr4-runtime/atn/PredictionMode.h
  -- Installing: D:/study/AaSD/antlr/antlr-4.13.2/include/antlr4-runtime/atn/ProfilingATNSimulator.h
  -- Installing: D:/study/AaSD/antlr/antlr-4.13.2/include/antlr4-runtime/atn/RangeTransition.h
  -- Installing: D:/study/AaSD/antlr/antlr-4.13.2/include/antlr4-runtime/atn/RuleStartState.h
  -- Installing: D:/study/AaSD/antlr/antlr-4.13.2/include/antlr4-runtime/atn/RuleStopState.h
  -- Installing: D:/study/AaSD/antlr/antlr-4.13.2/include/antlr4-runtime/atn/RuleTransition.h
  -- Installing: D:/study/AaSD/antlr/antlr-4.13.2/include/antlr4-runtime/atn/SemanticContext.h
  -- Installing: D:/study/AaSD/antlr/antlr-4.13.2/include/antlr4-runtime/atn/SemanticContextType.h
  -- Installing: D:/study/AaSD/antlr/antlr-4.13.2/include/antlr4-runtime/atn/SerializedATNView.h
  -- Installing: D:/study/AaSD/antlr/antlr-4.13.2/include/antlr4-runtime/atn/SetTransition.h
  -- Installing: D:/study/AaSD/antlr/antlr-4.13.2/include/antlr4-runtime/atn/SingletonPredictionContext.h
  -- Installing: D:/study/AaSD/antlr/antlr-4.13.2/include/antlr4-runtime/atn/StarBlockStartState.h
  -- Installing: D:/study/AaSD/antlr/antlr-4.13.2/include/antlr4-runtime/atn/StarLoopbackState.h
  -- Installing: D:/study/AaSD/antlr/antlr-4.13.2/include/antlr4-runtime/atn/StarLoopEntryState.h
  -- Installing: D:/study/AaSD/antlr/antlr-4.13.2/include/antlr4-runtime/atn/TokensStartState.h
  -- Installing: D:/study/AaSD/antlr/antlr-4.13.2/include/antlr4-runtime/atn/Transition.h
  -- Installing: D:/study/AaSD/antlr/antlr-4.13.2/include/antlr4-runtime/atn/TransitionType.h
  -- Installing: D:/study/AaSD/antlr/antlr-4.13.2/include/antlr4-runtime/atn/WildcardTransition.h
  -- Installing: D:/study/AaSD/antlr/antlr-4.13.2/include/antlr4-runtime/BailErrorStrategy.h
  -- Installing: D:/study/AaSD/antlr/antlr-4.13.2/include/antlr4-runtime/BaseErrorListener.h
  -- Installing: D:/study/AaSD/antlr/antlr-4.13.2/include/antlr4-runtime/BufferedTokenStream.h
  -- Installing: D:/study/AaSD/antlr/antlr-4.13.2/include/antlr4-runtime/CharStream.h
  -- Installing: D:/study/AaSD/antlr/antlr-4.13.2/include/antlr4-runtime/CommonToken.h
  -- Installing: D:/study/AaSD/antlr/antlr-4.13.2/include/antlr4-runtime/CommonTokenFactory.h
  -- Installing: D:/study/AaSD/antlr/antlr-4.13.2/include/antlr4-runtime/CommonTokenStream.h
  -- Installing: D:/study/AaSD/antlr/antlr-4.13.2/include/antlr4-runtime/ConsoleErrorListener.h
  -- Installing: D:/study/AaSD/antlr/antlr-4.13.2/include/antlr4-runtime/DefaultErrorStrategy.h
  -- Installing: D:/study/AaSD/antlr/antlr-4.13.2/include/antlr4-runtime/dfa
  -- Installing: D:/study/AaSD/antlr/antlr-4.13.2/include/antlr4-runtime/dfa/DFA.h
  -- Installing: D:/study/AaSD/antlr/antlr-4.13.2/include/antlr4-runtime/dfa/DFASerializer.h
  -- Installing: D:/study/AaSD/antlr/antlr-4.13.2/include/antlr4-runtime/dfa/DFAState.h
  -- Installing: D:/study/AaSD/antlr/antlr-4.13.2/include/antlr4-runtime/dfa/LexerDFASerializer.h
  -- Installing: D:/study/AaSD/antlr/antlr-4.13.2/include/antlr4-runtime/DiagnosticErrorListener.h
  -- Installing: D:/study/AaSD/antlr/antlr-4.13.2/include/antlr4-runtime/Exceptions.h
  -- Installing: D:/study/AaSD/antlr/antlr-4.13.2/include/antlr4-runtime/FailedPredicateException.h
  -- Installing: D:/study/AaSD/antlr/antlr-4.13.2/include/antlr4-runtime/FlatHashMap.h
  -- Installing: D:/study/AaSD/antlr/antlr-4.13.2/include/antlr4-runtime/FlatHashSet.h
  -- Installing: D:/study/AaSD/antlr/antlr-4.13.2/include/antlr4-runtime/InputMismatchException.h
  -- Installing: D:/study/AaSD/antlr/antlr-4.13.2/include/antlr4-runtime/internal
  -- Installing: D:/study/AaSD/antlr/antlr-4.13.2/include/antlr4-runtime/internal/Synchronization.h
  -- Installing: D:/study/AaSD/antlr/antlr-4.13.2/include/antlr4-runtime/InterpreterRuleContext.h
  -- Installing: D:/study/AaSD/antlr/antlr-4.13.2/include/antlr4-runtime/IntStream.h
  -- Installing: D:/study/AaSD/antlr/antlr-4.13.2/include/antlr4-runtime/Lexer.h
  -- Installing: D:/study/AaSD/antlr/antlr-4.13.2/include/antlr4-runtime/LexerInterpreter.h
  -- Installing: D:/study/AaSD/antlr/antlr-4.13.2/include/antlr4-runtime/LexerNoViableAltException.h
  -- Installing: D:/study/AaSD/antlr/antlr-4.13.2/include/antlr4-runtime/ListTokenSource.h
  -- Installing: D:/study/AaSD/antlr/antlr-4.13.2/include/antlr4-runtime/misc
  -- Installing: D:/study/AaSD/antlr/antlr-4.13.2/include/antlr4-runtime/misc/InterpreterDataReader.h
  -- Installing: D:/study/AaSD/antlr/antlr-4.13.2/include/antlr4-runtime/misc/Interval.h
  -- Installing: D:/study/AaSD/antlr/antlr-4.13.2/include/antlr4-runtime/misc/IntervalSet.h
  -- Installing: D:/study/AaSD/antlr/antlr-4.13.2/include/antlr4-runtime/misc/MurmurHash.h
  -- Installing: D:/study/AaSD/antlr/antlr-4.13.2/include/antlr4-runtime/misc/Predicate.h
  -- Installing: D:/study/AaSD/antlr/antlr-4.13.2/include/antlr4-runtime/NoViableAltException.h
  -- Installing: D:/study/AaSD/antlr/antlr-4.13.2/include/antlr4-runtime/Parser.h
  -- Installing: D:/study/AaSD/antlr/antlr-4.13.2/include/antlr4-runtime/ParserInterpreter.h
  -- Installing: D:/study/AaSD/antlr/antlr-4.13.2/include/antlr4-runtime/ParserRuleContext.h
  -- Installing: D:/study/AaSD/antlr/antlr-4.13.2/include/antlr4-runtime/ProxyErrorListener.h
  -- Installing: D:/study/AaSD/antlr/antlr-4.13.2/include/antlr4-runtime/RecognitionException.h
  -- Installing: D:/study/AaSD/antlr/antlr-4.13.2/include/antlr4-runtime/Recognizer.h
  -- Installing: D:/study/AaSD/antlr/antlr-4.13.2/include/antlr4-runtime/RuleContext.h
  -- Installing: D:/study/AaSD/antlr/antlr-4.13.2/include/antlr4-runtime/RuleContextWithAltNum.h
  -- Installing: D:/study/AaSD/antlr/antlr-4.13.2/include/antlr4-runtime/RuntimeMetaData.h
  -- Installing: D:/study/AaSD/antlr/antlr-4.13.2/include/antlr4-runtime/support
  -- Installing: D:/study/AaSD/antlr/antlr-4.13.2/include/antlr4-runtime/support/Any.h
  -- Installing: D:/study/AaSD/antlr/antlr-4.13.2/include/antlr4-runtime/support/Arrays.h
  -- Installing: D:/study/AaSD/antlr/antlr-4.13.2/include/antlr4-runtime/support/BitSet.h
  -- Installing: D:/study/AaSD/antlr/antlr-4.13.2/include/antlr4-runtime/support/Casts.h
  -- Installing: D:/study/AaSD/antlr/antlr-4.13.2/include/antlr4-runtime/support/CPPUtils.h
  -- Installing: D:/study/AaSD/antlr/antlr-4.13.2/include/antlr4-runtime/support/Declarations.h
  -- Installing: D:/study/AaSD/antlr/antlr-4.13.2/include/antlr4-runtime/support/StringUtils.h
  -- Installing: D:/study/AaSD/antlr/antlr-4.13.2/include/antlr4-runtime/support/Unicode.h
  -- Installing: D:/study/AaSD/antlr/antlr-4.13.2/include/antlr4-runtime/support/Utf8.h
  -- Installing: D:/study/AaSD/antlr/antlr-4.13.2/include/antlr4-runtime/Token.h
  -- Installing: D:/study/AaSD/antlr/antlr-4.13.2/include/antlr4-runtime/TokenFactory.h
  -- Installing: D:/study/AaSD/antlr/antlr-4.13.2/include/antlr4-runtime/TokenSource.h
  -- Installing: D:/study/AaSD/antlr/antlr-4.13.2/include/antlr4-runtime/TokenStream.h
  -- Installing: D:/study/AaSD/antlr/antlr-4.13.2/include/antlr4-runtime/TokenStreamRewriter.h
  -- Installing: D:/study/AaSD/antlr/antlr-4.13.2/include/antlr4-runtime/tree
  -- Installing: D:/study/AaSD/antlr/antlr-4.13.2/include/antlr4-runtime/tree/AbstractParseTreeVisitor.h
  -- Installing: D:/study/AaSD/antlr/antlr-4.13.2/include/antlr4-runtime/tree/ErrorNode.h
  -- Installing: D:/study/AaSD/antlr/antlr-4.13.2/include/antlr4-runtime/tree/ErrorNodeImpl.h
  -- Installing: D:/study/AaSD/antlr/antlr-4.13.2/include/antlr4-runtime/tree/IterativeParseTreeWalker.h
  -- Installing: D:/study/AaSD/antlr/antlr-4.13.2/include/antlr4-runtime/tree/ParseTree.h
  -- Installing: D:/study/AaSD/antlr/antlr-4.13.2/include/antlr4-runtime/tree/ParseTreeListener.h
  -- Installing: D:/study/AaSD/antlr/antlr-4.13.2/include/antlr4-runtime/tree/ParseTreeProperty.h
  -- Installing: D:/study/AaSD/antlr/antlr-4.13.2/include/antlr4-runtime/tree/ParseTreeType.h
  -- Installing: D:/study/AaSD/antlr/antlr-4.13.2/include/antlr4-runtime/tree/ParseTreeVisitor.h
  -- Installing: D:/study/AaSD/antlr/antlr-4.13.2/include/antlr4-runtime/tree/ParseTreeWalker.h
  -- Installing: D:/study/AaSD/antlr/antlr-4.13.2/include/antlr4-runtime/tree/pattern
  -- Installing: D:/study/AaSD/antlr/antlr-4.13.2/include/antlr4-runtime/tree/pattern/Chunk.h
  -- Installing: D:/study/AaSD/antlr/antlr-4.13.2/include/antlr4-runtime/tree/pattern/ParseTreeMatch.h
  -- Installing: D:/study/AaSD/antlr/antlr-4.13.2/include/antlr4-runtime/tree/pattern/ParseTreePattern.h
  -- Installing: D:/study/AaSD/antlr/antlr-4.13.2/include/antlr4-runtime/tree/pattern/ParseTreePatternMatcher.h
  -- Installing: D:/study/AaSD/antlr/antlr-4.13.2/include/antlr4-runtime/tree/pattern/RuleTagToken.h
  -- Installing: D:/study/AaSD/antlr/antlr-4.13.2/include/antlr4-runtime/tree/pattern/TagChunk.h
  -- Installing: D:/study/AaSD/antlr/antlr-4.13.2/include/antlr4-runtime/tree/pattern/TextChunk.h
  -- Installing: D:/study/AaSD/antlr/antlr-4.13.2/include/antlr4-runtime/tree/pattern/TokenTagToken.h
  -- Installing: D:/study/AaSD/antlr/antlr-4.13.2/include/antlr4-runtime/tree/TerminalNode.h
  -- Installing: D:/study/AaSD/antlr/antlr-4.13.2/include/antlr4-runtime/tree/TerminalNodeImpl.h
  -- Installing: D:/study/AaSD/antlr/antlr-4.13.2/include/antlr4-runtime/tree/Trees.h
  -- Installing: D:/study/AaSD/antlr/antlr-4.13.2/include/antlr4-runtime/tree/xpath
  -- Installing: D:/study/AaSD/antlr/antlr-4.13.2/include/antlr4-runtime/tree/xpath/XPath.h
  -- Installing: D:/study/AaSD/antlr/antlr-4.13.2/include/antlr4-runtime/tree/xpath/XPathElement.h
  -- Installing: D:/study/AaSD/antlr/antlr-4.13.2/include/antlr4-runtime/tree/xpath/XPathLexer.h
  -- Installing: D:/study/AaSD/antlr/antlr-4.13.2/include/antlr4-runtime/tree/xpath/XPathLexerErrorListener.h
  -- Installing: D:/study/AaSD/antlr/antlr-4.13.2/include/antlr4-runtime/tree/xpath/XPathRuleAnywhereElement.h
  -- Installing: D:/study/AaSD/antlr/antlr-4.13.2/include/antlr4-runtime/tree/xpath/XPathRuleElement.h
  -- Installing: D:/study/AaSD/antlr/antlr-4.13.2/include/antlr4-runtime/tree/xpath/XPathTokenAnywhereElement.h
  -- Installing: D:/study/AaSD/antlr/antlr-4.13.2/include/antlr4-runtime/tree/xpath/XPathTokenElement.h
  -- Installing: D:/study/AaSD/antlr/antlr-4.13.2/include/antlr4-runtime/tree/xpath/XPathWildcardAnywhereElement.h
  -- Installing: D:/study/AaSD/antlr/antlr-4.13.2/include/antlr4-runtime/tree/xpath/XPathWildcardElement.h
  -- Installing: D:/study/AaSD/antlr/antlr-4.13.2/include/antlr4-runtime/UnbufferedCharStream.h
  -- Installing: D:/study/AaSD/antlr/antlr-4.13.2/include/antlr4-runtime/UnbufferedTokenStream.h
  -- Installing: D:/study/AaSD/antlr/antlr-4.13.2/include/antlr4-runtime/Version.h
  -- Installing: D:/study/AaSD/antlr/antlr-4.13.2/include/antlr4-runtime/Vocabulary.h
  -- Installing: D:/study/AaSD/antlr/antlr-4.13.2/include/antlr4-runtime/WritableToken.h
  -- Installing: D:/study/AaSD/antlr/antlr-4.13.2/share/doc/libantlr4/README.md
  -- Installing: D:/study/AaSD/antlr/antlr-4.13.2/share/doc/libantlr4/VERSION
